<testsuites id="" name="" tests="18" failures="0" skipped="0" errors="0" time="3.3000560000000005">
<testsuite name="auth/login.spec.ts" timestamp="2025-12-21T15:10:13.649Z" hostname="staging" tests="11" failures="0" skipped="0" time="7.904" errors="0">
<testcase name="Login API @auth @smoke › POST /api/auth/login - Success Cases › should login with valid credentials and return tokens" classname="auth/login.spec.ts" time="1.072">
</testcase>
<testcase name="Login API @auth @smoke › POST /api/auth/login - Success Cases › should return user data without password" classname="auth/login.spec.ts" time="0.974">
</testcase>
<testcase name="Login API @auth @smoke › POST /api/auth/login - Success Cases › should return valid JWT access token format" classname="auth/login.spec.ts" time="1.128">
</testcase>
<testcase name="Login API @auth @smoke › POST /api/auth/login - Success Cases › should return valid UUID refresh token format" classname="auth/login.spec.ts" time="1.098">
</testcase>
<testcase name="Login API @auth @smoke › POST /api/auth/login - Validation Errors › should return 400 when email is missing" classname="auth/login.spec.ts" time="0.421">
</testcase>
<testcase name="Login API @auth @smoke › POST /api/auth/login - Validation Errors › should return 400 when password is missing" classname="auth/login.spec.ts" time="0.432">
</testcase>
<testcase name="Login API @auth @smoke › POST /api/auth/login - Validation Errors › should return 400 when body is empty" classname="auth/login.spec.ts" time="0.202">
</testcase>
<testcase name="Login API @auth @smoke › POST /api/auth/login - Authentication Errors › should return error for non-existent user" classname="auth/login.spec.ts" time="0.233">
</testcase>
<testcase name="Login API @auth @smoke › POST /api/auth/login - Authentication Errors › should return error for wrong password" classname="auth/login.spec.ts" time="0.748">
</testcase>
<testcase name="Login API @auth @smoke › POST /api/auth/login - Authentication Errors › should return error for case-sensitive password" classname="auth/login.spec.ts" time="0.816">
</testcase>
<testcase name="Login API @auth @smoke › POST /api/auth/login - Email Verification › should handle unverified email appropriately" classname="auth/login.spec.ts" time="0.78">
</testcase>
</testsuite>
<testsuite name="health/health.spec.ts" timestamp="2025-12-21T15:10:13.649Z" hostname="staging" tests="7" failures="0" skipped="0" time="1.409" errors="0">
<testcase name="Health Check API @health @smoke › GET /api/health › should return healthy status with all system metrics" classname="health/health.spec.ts" time="0.213">
</testcase>
<testcase name="Health Check API @health @smoke › GET /api/health › should return database connection status" classname="health/health.spec.ts" time="0.202">
</testcase>
<testcase name="Health Check API @health @smoke › GET /api/health › should return system memory information" classname="health/health.spec.ts" time="0.223">
</testcase>
<testcase name="Health Check API @health @smoke › GET /api/health › should return Node.js version" classname="health/health.spec.ts" time="0.19">
</testcase>
<testcase name="Health Check API @health @smoke › GET /api/health › should respond within acceptable time limit" classname="health/health.spec.ts" time="0.192">
</testcase>
<testcase name="Health Check API @health @smoke › GET /api/v1 › should return API version information" classname="health/health.spec.ts" time="0.201">
</testcase>
<testcase name="Health Check API @health @smoke › GET /api/v1 › should have correct content-type header" classname="health/health.spec.ts" time="0.188">
</testcase>
</testsuite>
</testsuites>